2026-10-06 18:51:56,126 - INFO - Matplotlib 字体设置：使用回退字体列表，首选可用字体: Noto Sans CJK SC
2026-10-06 18:51:58,089 - INFO - 使用指定 ChromeDriver: /usr/bin/chromedriver
2026-10-06 18:51:58,188 - INFO - ddddocr 识别器初始化成功
2026-10-06 18:51:58,344 - INFO - captcha-recognizer 滑块识别模型初始化成功
2026-10-06 18:51:58,344 - INFO - 开始南京大学电费监控流程（自动无头模式）
2026-10-06 18:51:58,345 - INFO - 已初始化并清空验证码图片目录: /home/runner/work/nju_electric_monitor/nju_electric_monitor/src/../data/captcha_workflow
2026-10-06 18:51:58,345 - INFO - 正在打开页面: https://epay.nju.edu.cn/epay/h5/nju/electric/index
2026-10-06 18:52:08,584 - INFO - 等待登录表单加载...
2026-10-06 18:52:08,593 - INFO - 登录表单已加载
2026-10-06 18:52:08,593 - INFO - 开始填写登录表单...
2026-10-06 18:52:08,672 - INFO - 用户名填写完成
2026-10-06 18:52:08,741 - INFO - 密码填写完成
2026-10-06 18:52:08,775 - INFO - 未检测到任何验证方式
2026-10-06 18:52:08,775 - INFO - 登录前验证方式检测: none
2026-10-06 18:52:08,775 - INFO - 未检测到传统验证码，点击登录按钮...
2026-10-06 18:52:08,775 - INFO - 查找并点击登录按钮...
2026-10-06 18:52:08,796 - INFO - 通过 ID=login_submit 找到登录按钮
2026-10-06 18:52:08,842 - INFO - 已点击登录按钮
2026-10-06 18:52:15,869 - INFO - 检测到滑块验证（sliderDiv）
2026-10-06 18:52:15,869 - INFO - 登录后验证方式检测: slider
2026-10-06 18:52:15,869 - INFO - 开始处理滑块验证...
2026-10-06 18:52:17,383 - INFO - 滑块验证第 1/3 轮尝试
2026-10-06 18:52:17,718 - INFO - 滑块缺口 box=[92,87,134,126], confidence=0.948, 截图=278px, DOM=278px, 缩放=1.00x, 拖拽偏移=92px
2026-10-06 18:52:17,718 - INFO - 滑块拖拽尝试 1/2 (偏移=92px)
2026-10-06 18:53:32,186 - INFO - 滑块验证通过（sliderDiv 元素不存在）
2026-10-06 18:53:32,186 - INFO - 滑块验证第 1 轮成功
2026-10-06 18:53:32,186 - INFO - 等待登录成功...
2026-10-06 18:53:32,197 - INFO - 检测到已跳转到电费页面: https://epay.nju.edu.cn/epay/h5/nju/electric/index
2026-10-06 18:53:32,197 - INFO - 查找'去充值'按钮...
2026-10-06 18:53:32,212 - WARNING - 通过 CSS 选择器未找到'去充值'按钮 div.footer
2026-10-06 18:53:32,212 - ERROR - 未找到可点击的'去充值'按钮
2026-10-06 18:53:32,212 - WARNING - 点击充值按钮失败，尝试直接提取数据
2026-10-06 18:53:32,212 - INFO - 开始提取剩余电量信息...
2026-10-06 18:53:32,219 - WARNING - 未找到电量信息元素，尝试其他方法...
2026-10-06 18:53:32,226 - WARNING - 未找到i标签中的电量信息，尝试其他方法...
2026-10-06 18:53:32,228 - INFO - 在页面源码中查找电量信息...
2026-10-06 18:53:32,235 - WARNING - 未能提取到剩余电量信息
2026-10-06 18:53:32,235 - ERROR - 提取剩余电量失败，认为本次监控流程未成功，将交由上层重试
