2026-09-12 05:30:59,184 - INFO - Matplotlib 字体设置：使用回退字体列表，首选可用字体: Noto Sans CJK SC
2026-09-12 05:31:00,332 - INFO - 使用指定 ChromeDriver: /usr/bin/chromedriver
2026-09-12 05:31:00,370 - INFO - ddddocr 识别器初始化成功
2026-09-12 05:31:00,504 - INFO - captcha-recognizer 滑块识别模型初始化成功
2026-09-12 05:31:00,504 - INFO - 开始南京大学电费监控流程（自动无头模式）
2026-09-12 05:31:00,504 - INFO - 已初始化并清空验证码图片目录: /home/runner/work/nju_electric_monitor/nju_electric_monitor/src/../data/captcha_workflow
2026-09-12 05:31:00,504 - INFO - 正在打开页面: https://epay.nju.edu.cn/epay/h5/nju/electric/index
2026-09-12 05:31:11,780 - INFO - 等待登录表单加载...
2026-09-12 05:31:11,789 - INFO - 登录表单已加载
2026-09-12 05:31:11,789 - INFO - 开始填写登录表单...
2026-09-12 05:31:11,851 - INFO - 用户名填写完成
2026-09-12 05:31:11,905 - INFO - 密码填写完成
2026-09-12 05:31:11,931 - INFO - 未检测到任何验证方式
2026-09-12 05:31:11,931 - INFO - 登录前验证方式检测: none
2026-09-12 05:31:11,931 - INFO - 未检测到传统验证码，点击登录按钮...
2026-09-12 05:31:11,931 - INFO - 查找并点击登录按钮...
2026-09-12 05:31:11,946 - INFO - 通过 ID=login_submit 找到登录按钮
2026-09-12 05:31:11,983 - INFO - 已点击登录按钮
2026-09-12 05:31:19,013 - INFO - 检测到滑块验证（sliderDiv）
2026-09-12 05:31:19,013 - INFO - 登录后验证方式检测: slider
2026-09-12 05:31:19,013 - INFO - 开始处理滑块验证...
2026-09-12 05:31:20,525 - INFO - 滑块验证第 1/3 轮尝试
2026-09-12 05:31:20,767 - INFO - 滑块缺口 box=[187,87,229,126], confidence=0.948, 截图=278px, DOM=278px, 缩放=1.00x, 拖拽偏移=187px
2026-09-12 05:31:20,768 - INFO - 滑块拖拽尝试 1/2 (偏移=187px)
2026-09-12 05:31:39,125 - WARNING - 滑块拖拽第 1 次未通过验证
2026-09-12 05:31:40,125 - INFO - 滑块拖拽尝试 2/2 (偏移=187px)
2026-09-12 05:31:58,515 - WARNING - 滑块拖拽第 2 次未通过验证
2026-09-12 05:31:58,515 - ERROR - 滑块验证 2 次尝试均失败
2026-09-12 05:31:58,515 - WARNING - 第 1 轮滑块拖拽失败
2026-09-12 05:31:59,515 - INFO - 滑块验证第 2/3 轮尝试
2026-09-12 05:31:59,843 - INFO - 滑块缺口 box=[145,67,187,104], confidence=0.954, 截图=280px, DOM=280px, 缩放=1.00x, 拖拽偏移=145px
2026-09-12 05:31:59,843 - INFO - 滑块拖拽尝试 1/2 (偏移=145px)
2026-09-12 05:32:21,487 - INFO - 滑块验证通过（sliderDiv 元素不存在）
2026-09-12 05:32:21,487 - INFO - 滑块验证第 2 轮成功
2026-09-12 05:32:21,487 - INFO - 等待登录成功...
2026-09-12 05:32:21,497 - INFO - 检测到已跳转到电费页面: https://epay.nju.edu.cn/epay/h5/nju/electric/index
2026-09-12 05:32:21,497 - INFO - 查找'去充值'按钮...
2026-09-12 05:32:21,515 - INFO - 通过文本包含 '去充值' 找到充值按钮
2026-09-12 05:32:23,182 - INFO - 已点击充值按钮
2026-09-12 05:32:26,182 - INFO - 开始提取剩余电量信息...
2026-09-12 05:32:26,204 - INFO - 找到电量信息元素（已省略具体文本以保护隐私）
2026-09-12 05:32:26,205 - WARNING - 未在元素中找到标准格式的电量信息
2026-09-12 05:32:26,218 - INFO - 找到 i 标签中的电量信息（已省略具体文本）
2026-09-12 05:32:26,219 - WARNING - i标签中未找到标准格式的电量信息
2026-09-12 05:32:26,219 - WARNING - 未找到i标签中的电量信息
2026-09-12 05:32:26,224 - INFO - 在页面源码中查找电量信息...
2026-09-12 05:32:26,224 - INFO - 从页面源码中提取到剩余电量: 13.44 度
2026-09-12 05:32:26,236 - INFO - 数据已保存: 13.44 度
2026-09-12 05:32:26,411 - INFO - 电量变化曲线图已保存到: /home/runner/work/nju_electric_monitor/nju_electric_monitor/src/../data/electricity_trend.png
2026-09-12 05:32:26,551 - INFO - 最近20次电量变化曲线图已保存到: /home/runner/work/nju_electric_monitor/nju_electric_monitor/src/../data/recent_20_changes.png
2026-09-12 05:32:26,551 - WARNING - 邮件提醒未配置完整的 SMTP 环境变量，跳过发送邮件
2026-09-12 05:32:26,552 - INFO - 监控流程完成
