2026-09-13 16:55:13,838 - INFO - Matplotlib 字体设置：使用回退字体列表，首选可用字体: Noto Sans CJK SC
2026-09-13 16:55:15,224 - INFO - 使用指定 ChromeDriver: /usr/bin/chromedriver
2026-09-13 16:55:15,271 - INFO - ddddocr 识别器初始化成功
2026-09-13 16:55:15,400 - INFO - captcha-recognizer 滑块识别模型初始化成功
2026-09-13 16:55:15,400 - INFO - 开始南京大学电费监控流程（自动无头模式）
2026-09-13 16:55:15,400 - INFO - 已初始化并清空验证码图片目录: /home/runner/work/nju_electric_monitor/nju_electric_monitor/src/../data/captcha_workflow
2026-09-13 16:55:15,400 - INFO - 正在打开页面: https://epay.nju.edu.cn/epay/h5/nju/electric/index
2026-09-13 16:55:25,927 - INFO - 等待登录表单加载...
2026-09-13 16:55:25,935 - INFO - 登录表单已加载
2026-09-13 16:55:25,935 - INFO - 开始填写登录表单...
2026-09-13 16:55:26,007 - INFO - 用户名填写完成
2026-09-13 16:55:26,067 - INFO - 密码填写完成
2026-09-13 16:55:26,097 - INFO - 未检测到任何验证方式
2026-09-13 16:55:26,098 - INFO - 登录前验证方式检测: none
2026-09-13 16:55:26,098 - INFO - 未检测到传统验证码，点击登录按钮...
2026-09-13 16:55:26,098 - INFO - 查找并点击登录按钮...
2026-09-13 16:55:26,115 - INFO - 通过 ID=login_submit 找到登录按钮
2026-09-13 16:55:26,155 - INFO - 已点击登录按钮
2026-09-13 16:55:33,179 - INFO - 检测到滑块验证（sliderDiv）
2026-09-13 16:55:33,179 - INFO - 登录后验证方式检测: slider
2026-09-13 16:55:33,179 - INFO - 开始处理滑块验证...
2026-09-13 16:55:34,691 - INFO - 滑块验证第 1/3 轮尝试
2026-09-13 16:55:34,940 - INFO - 滑块缺口 box=[184,87,225,126], confidence=0.947, 截图=278px, DOM=278px, 缩放=1.00x, 拖拽偏移=184px
2026-09-13 16:55:34,940 - INFO - 滑块拖拽尝试 1/2 (偏移=184px)
2026-09-13 16:55:53,039 - WARNING - 滑块拖拽第 1 次未通过验证
2026-09-13 16:55:54,039 - INFO - 滑块拖拽尝试 2/2 (偏移=184px)
2026-09-13 16:56:12,287 - WARNING - 滑块拖拽第 2 次未通过验证
2026-09-13 16:56:12,287 - ERROR - 滑块验证 2 次尝试均失败
2026-09-13 16:56:12,287 - WARNING - 第 1 轮滑块拖拽失败
2026-09-13 16:56:13,288 - INFO - 滑块验证第 2/3 轮尝试
2026-09-13 16:56:13,648 - INFO - 滑块缺口 box=[127,67,178,105], confidence=0.935, 截图=280px, DOM=280px, 缩放=1.00x, 拖拽偏移=127px
2026-09-13 16:56:13,648 - INFO - 滑块拖拽尝试 1/2 (偏移=127px)
2026-09-13 16:56:29,406 - WARNING - 滑块拖拽第 1 次未通过验证
2026-09-13 16:56:30,406 - INFO - 滑块拖拽尝试 2/2 (偏移=127px)
2026-09-13 16:56:45,895 - WARNING - 滑块拖拽第 2 次未通过验证
2026-09-13 16:56:45,895 - ERROR - 滑块验证 2 次尝试均失败
2026-09-13 16:56:45,895 - WARNING - 第 2 轮滑块拖拽失败
2026-09-13 16:56:46,896 - INFO - 滑块验证第 3/3 轮尝试
2026-09-13 16:56:47,145 - INFO - 滑块缺口 box=[141,67,186,105], confidence=0.956, 截图=280px, DOM=280px, 缩放=1.00x, 拖拽偏移=141px
2026-09-13 16:56:47,145 - INFO - 滑块拖拽尝试 1/2 (偏移=141px)
2026-09-13 16:57:08,070 - INFO - 滑块验证通过（sliderDiv 元素不存在）
2026-09-13 16:57:08,070 - INFO - 滑块验证第 3 轮成功
2026-09-13 16:57:08,070 - INFO - 等待登录成功...
2026-09-13 16:57:08,079 - INFO - 检测到已跳转到电费页面: https://epay.nju.edu.cn/epay/h5/nju/electric/index
2026-09-13 16:57:08,079 - INFO - 查找'去充值'按钮...
2026-09-13 16:57:08,099 - INFO - 通过文本包含 '去充值' 找到充值按钮
2026-09-13 16:57:09,809 - INFO - 已点击充值按钮
2026-09-13 16:57:12,810 - INFO - 开始提取剩余电量信息...
2026-09-13 16:57:12,826 - INFO - 找到电量信息元素（已省略具体文本以保护隐私）
2026-09-13 16:57:12,826 - WARNING - 未在元素中找到标准格式的电量信息
2026-09-13 16:57:12,836 - INFO - 找到 i 标签中的电量信息（已省略具体文本）
2026-09-13 16:57:12,836 - WARNING - i标签中未找到标准格式的电量信息
2026-09-13 16:57:12,836 - WARNING - 未找到i标签中的电量信息
2026-09-13 16:57:12,839 - INFO - 在页面源码中查找电量信息...
2026-09-13 16:57:12,839 - INFO - 从页面源码中提取到剩余电量: 182.38 度
2026-09-13 16:57:12,855 - INFO - 数据已保存: 182.38 度
2026-09-13 16:57:13,072 - INFO - 电量变化曲线图已保存到: /home/runner/work/nju_electric_monitor/nju_electric_monitor/src/../data/electricity_trend.png
2026-09-13 16:57:13,263 - INFO - 最近20次电量变化曲线图已保存到: /home/runner/work/nju_electric_monitor/nju_electric_monitor/src/../data/recent_20_changes.png
2026-09-13 16:57:13,263 - INFO - 当前剩余电量 182.38 度，高于告警阈值 50.0 度，不发送邮件
2026-09-13 16:57:13,263 - INFO - 监控流程完成
